// Jest Snapshot v1, https://goo.gl/fbAQLP

exports[`Renders my Redux connected component should render the App 1`] = `
<div
  className="app"
>
  <div
    className="header"
  >
    <div
      className="logo"
    >
      <a
        href="/"
      >
        <img
          alt="MotoGP Logo"
          height="120px"
          src="motogp.png"
          width="120px"
        />
        <span
          className="info"
        >
          MotoGP Team Info
        </span>
      </a>
    </div>
  </div>
  <div
    id="select"
  >
    Select Country
     
    <select
      data-testid="head-select"
      name="category"
      onChange={[Function]}
      value="All"
    >
      <option
        value="All"
      >
        All
      </option>
      <option
        value="Austria"
      >
        Austria
      </option>
      <option
        value="France"
      >
        France
      </option>
      <option
        value="Italy"
      >
        Italy
      </option>
      <option
        value="Japan"
      >
        Japan
      </option>
      <option
        value="Malaysia"
      >
        Malaysia
      </option>
      <option
        value="Spain"
      >
        Spain
      </option>
    </select>
  </div>
  <div
    className="container"
  >
    <a
      href="/team/137292"
      onClick={[Function]}
    >
      <div
        className="line"
        id="137292"
      >
        <div
          className="badge"
        >
          <img
            alt="Repsol Honda team badge"
            src="https://www.thesportsdb.com/images/media/team/badge/qvsw871531399264.png"
          />
        </div>
      </div>
    </a>
  </div>
</div>
`;
